2025-02-01 06:11:26 DEBUG TestNG:82 - suiteXmlPath: "C:\Users\sreek\eclipse-workspace\framework\final.xml"
2025-02-01 06:11:27 INFO  Utils:112 - [TestNG] Running:
  C:\Users\sreek\eclipse-workspace\framework\final.xml

2025-02-01 06:11:29 INFO  TC001_AccountrRgistration:15 - Starting
2025-02-01 06:11:29 INFO  TC001_AccountrRgistration:17 - Clicking on HomePage
2025-02-01 06:11:29 INFO  TC001_AccountrRgistration:26 - ***** Registration started *****
2025-02-01 06:11:31 INFO  TC001_AccountrRgistration:41 - Validating Expected Message
2025-02-01 06:11:31 ERROR TC001_AccountrRgistration:49 - Test Failed
2025-02-01 06:11:31 DEBUG TC001_AccountrRgistration:50 - Test Failed-Debug
2025-02-01 06:11:31 INFO  TC001_AccountrRgistration:61 - Registration Process Completed
2025-02-01 06:11:33 INFO  TC002_Login:17 - Starting Login Test 
2025-02-01 06:15:22 DEBUG TestNG:82 - suiteXmlPath: "C:\Users\sreek\eclipse-workspace\framework\crossbrowser.xml"
2025-02-01 06:15:22 INFO  Utils:112 - [TestNG] Running:
  C:\Users\sreek\eclipse-workspace\framework\crossbrowser.xml

2025-02-01 06:15:24 INFO  TC001_AccountrRgistration:15 - Starting
2025-02-01 06:15:24 INFO  TC001_AccountrRgistration:17 - Clicking on HomePage
2025-02-01 06:15:25 INFO  TC001_AccountrRgistration:26 - ***** Registration started *****
2025-02-01 06:15:26 INFO  TC001_AccountrRgistration:41 - Validating Expected Message
2025-02-01 06:15:26 ERROR TC001_AccountrRgistration:49 - Test Failed
2025-02-01 06:15:26 DEBUG TC001_AccountrRgistration:50 - Test Failed-Debug
2025-02-01 06:15:26 INFO  TC001_AccountrRgistration:61 - Registration Process Completed
2025-02-01 06:15:32 INFO  TC001_AccountrRgistration:15 - Starting
2025-02-01 06:15:32 INFO  TC001_AccountrRgistration:17 - Clicking on HomePage
2025-02-01 06:15:32 INFO  TC001_AccountrRgistration:26 - ***** Registration started *****
2025-02-01 06:15:33 INFO  TC001_AccountrRgistration:41 - Validating Expected Message
2025-02-01 06:15:33 ERROR TC001_AccountrRgistration:49 - Test Failed
2025-02-01 06:15:33 DEBUG TC001_AccountrRgistration:50 - Test Failed-Debug
2025-02-01 06:15:33 INFO  TC001_AccountrRgistration:61 - Registration Process Completed
